<html>
<body>
<pre>
<h1>µVision Build Log</h1>
<h2>Tool Versions:</h2>
IDE-Version: µVision V5.39.0.0
Copyright (C) 2023 ARM Ltd and ARM Germany GmbH. All rights reserved.
License Information: rr rr, rt, LIC=----
 
Tool Versions:
Toolchain:       MDK-Lite  Version: 5.39.0.0
Toolchain Path:  C:\Keil_v5\ARM\ARMCLANG\Bin
C Compiler:      ArmClang.exe V6.21
Assembler:       Armasm.exe V6.21
Linker/Locator:  ArmLink.exe V6.21
Library Manager: ArmAr.exe V6.21
Hex Converter:   FromElf.exe V6.21
CPU DLL:         SARMCM3.DLL V5.39.0.0
Dialog DLL:      DCM.DLL V1.17.5.0
Target DLL:      STLink\ST-LINKIII-KEIL_SWO.dll V3.2.0.0
Dialog DLL:      TCM.DLL V1.56.4.0
 
<h2>Project:</h2>
C:\raven_lab04\foobar01.uvprojx
Project File Date:  04/26/2025

<h2>Output:</h2>
*** Using Compiler 'V6.21', folder: 'C:\Keil_v5\ARM\ARMCLANG\Bin'
Rebuild target 'Target 1'
assembling startup_stm32f446xx.s...
uart.c(2): warning: In file included from...
./uart.h(7): warning: a function declaration without a prototype is deprecated in all versions of C [-Wstrict-prototypes]
    7 | void UartInit();
      |              ^
      |               void
./uart.h(9): warning: a function declaration without a prototype is deprecated in all versions of C [-Wstrict-prototypes]
    9 | uint8_t UART_ReceiveChar();
      |                         ^
      |                          void
uart.c(4): warning: a function declaration without a prototype is deprecated in all versions of C [-Wstrict-prototypes]
    4 | void UartInit()
      |              ^
      |               void
uart.c(25): warning: mixing declarations and code is incompatible with standards before C99 [-Wdeclaration-after-statement]
   25 |     uint32_t uart_div = /*GetAPB1Clock()*/ 16000000UL / 115200U;
      |              ^
uart.c(4): warning: no previous prototype for function 'UartInit' [-Wmissing-prototypes]
    4 | void UartInit()
      |      ^
./uart.h(7): note: this declaration is not a prototype; add 'void' to make it a prototype for a zero-parameter function
    7 | void UartInit();
      |      ^        
      |               void
uart.c(42): warning: no newline at end of file [-Wnewline-eof]
   42 | }
      |  ^
uart.c(40): warning: unsafe pointer arithmetic [-Wunsafe-buffer-usage]
   40 |         USART2->DR = *buffer++;
      |                       ^~~~~~
7 warnings generated.
compiling uart.c...
RTE/Device/STM32F446RETx/system_stm32f4xx.c(263): warning: unsafe buffer access [-Wunsafe-buffer-usage]
  263 |   tmp = AHBPrescTable[((RCC->CFGR & RCC_CFGR_HPRE) >> 4)];
      |         ^~~~~~~~~~~~~
1 warning generated.
compiling system_stm32f4xx.c...
spi_slave.c(3): warning: In file included from...
./uart.h(7): warning: a function declaration without a prototype is deprecated in all versions of C [-Wstrict-prototypes]
    7 | void UartInit();
      |              ^
      |               void
./uart.h(9): warning: a function declaration without a prototype is deprecated in all versions of C [-Wstrict-prototypes]
    9 | uint8_t UART_ReceiveChar();
      |                         ^
      |                          void
spi_slave.c(9): warning: a function declaration without a prototype is deprecated in all versions of C [-Wstrict-prototypes]
    9 | void SPI_GPIOInit()
      |                  ^
      |                   void
spi_slave.c(9): warning: no previous prototype for function 'SPI_GPIOInit' [-Wmissing-prototypes]
    9 | void SPI_GPIOInit()
      |      ^
spi_slave.c(9): note: declare 'static' if the function is not intended to be used outside of this translation unit
    9 | void SPI_GPIOInit()
      | ^
      | static 
spi_slave.c(26): warning: implicit conversion changes signedness: 'int' to 'uint32_t' (aka 'unsigned int') [-Wsign-conversion]
   26 |     SPI1->CR1 &= ~(1 << 6); // Disable SPI1
      |               ~~ ^~~~~~~~~
spi_slave.c(28): warning: implicit conversion changes signedness: 'int' to 'uint32_t' (aka 'unsigned int') [-Wsign-conversion]
   28 |     SPI1->CR1 &= ~(1 << 2); // Clear MSTR bit -> Slave mode
      |               ~~ ^~~~~~~~~
spi_slave.c(30): warning: implicit conversion changes signedness: 'int' to 'uint32_t' (aka 'unsigned int') [-Wsign-conversion]
   30 |     SPI1->CR1 &= ~(1 << 0 | 1 << 1); // CPOL = 0, CPHA = 0
      |               ~~ ^~~~~~~~~~~~~~~~~~
spi_slave.c(32): warning: implicit conversion changes signedness: 'int' to 'uint32_t' (aka 'unsigned int') [-Wsign-conversion]
   32 |     SPI1->CR1 &= ~(1 << 7); // LSBFIRST = 0, MSB first
      |               ~~ ^~~~~~~~~
spi_slave.c(34): warning: implicit conversion changes signedness: 'int' to 'uint32_t' (aka 'unsigned int') [-Wsign-conversion]
   34 |     SPI1->CR1 &= ~(1 << 8); // Clear SSI (Slave Select internal)
      |               ~~ ^~~~~~~~~
spi_slave.c(36): warning: implicit conversion changes signedness: 'int' to 'uint32_t' (aka 'unsigned int') [-Wsign-conversion]
   36 |     SPI1->CR1 &= ~(1 << 9); // SSM = 0, hardware slave management
      |               ~~ ^~~~~~~~~
spi_slave.c(38): warning: implicit conversion changes signedness: 'int' to 'uint32_t' (aka 'unsigned int') [-Wsign-conversion]
   38 |     SPI1->CR1 &= ~(1 << 10); // RXONLY = 0, full-duplex
      |               ~~ ^~~~~~~~~~
spi_slave.c(40): warning: implicit conversion changes signedness: 'int' to 'uint32_t' (aka 'unsigned int') [-Wsign-conversion]
   40 |     SPI1->CR1 &= ~(1 << 11); // DFF=0, 8 bit data
      |               ~~ ^~~~~~~~~~
spi_slave.c(22): warning: no previous prototype for function 'SPI_Config' [-Wmissing-prototypes]
   22 | void SPI_Config(void)
      |      ^
spi_slave.c(22): note: declare 'static' if the function is not intended to be used outside of this translation unit
   22 | void SPI_Config(void)
      | ^
      | static 
spi_slave.c(53): warning: implicit conversion loses integer precision: 'volatile uint32_t' (aka 'volatile unsigned int') to 'uint8_t' (aka 'unsigned char') [-Wimplicit-int-conversion]
   53 |         buffer[i] = SPI1->DR; // Read the data from the SPI data register
      |                   ~ ~~~~~~^~
spi_slave.c(47): warning: no previous prototype for function 'SPI_Receive' [-Wmissing-prototypes]
   47 | void SPI_Receive(uint8_t *buffer, uint16_t size)
      |      ^
spi_slave.c(47): note: declare 'static' if the function is not intended to be used outside of this translation unit
   47 | void SPI_Receive(uint8_t *buffer, uint16_t size)
      | ^
      | static 
spi_slave.c(79): warning: no newline at end of file [-Wnewline-eof]
   79 | }
      |  ^
spi_slave.c(7): warning: no previous extern declaration for non-static variable 'rxBuffer' [-Wmissing-variable-declarations]
    7 | uint8_t rxBuffer[RX_BUFFER_SIZE];
      |         ^
spi_slave.c(7): note: declare 'static' if the variable is not intended to be used outside of this translation unit
    7 | uint8_t rxBuffer[RX_BUFFER_SIZE];
      | ^
spi_slave.c(53): warning: unsafe buffer access [-Wunsafe-buffer-usage]
   53 |         buffer[i] = SPI1->DR; // Read the data from the SPI data register
      |         ^~~~~~
spi_slave.c(54): warning: unsafe buffer access [-Wunsafe-buffer-usage]
   54 |         if (buffer[i] == '\n')
      |             ^~~~~~
spi_slave.c(56): warning: unsafe buffer access [-Wunsafe-buffer-usage]
   56 |             buffer[i + 1] = '\0';
      |             ^~~~~~
20 warnings generated.
compiling spi_slave.c...
linking...
Program Size: Code=1034 RO-data=498 RW-data=0 ZI-data=1656  
".\Objects\foobar01.axf" - 0 Error(s), 28 Warning(s).

<h2>Software Packages used:</h2>

Package Vendor: ARM
                https://www.keil.com/pack/ARM.CMSIS.6.1.0.pack
                ARM::CMSIS@6.1.0
                CMSIS (Common Microcontroller Software Interface Standard)
   * Component: CORE Version: 6.1.0

Package Vendor: Keil
                https://www.keil.com/pack/Keil.STM32F4xx_DFP.2.17.1.pack
                Keil::STM32F4xx_DFP@2.17.1
                STMicroelectronics STM32F4 Series Device Support, Drivers and Examples
   * Component: Startup Version: 2.6.3

<h2>Collection of Component include folders:</h2>
  ./RTE/_Target_1
  C:/Users/Administrator/AppData/Local/Arm/Packs/ARM/CMSIS/6.1.0/CMSIS/Core/Include
  C:/Users/Administrator/AppData/Local/Arm/Packs/Keil/STM32F4xx_DFP/2.17.1/Drivers/CMSIS/Device/ST/STM32F4xx/Include

<h2>Collection of Component Files used:</h2>

   * Component: ARM::CMSIS:CORE@6.1.0

   * Component: Keil::Device:Startup@2.6.3
      Source file:   MDK/Device/Source/ARM/STM32F446xx_OPT.s
      Source file:   MDK/Device/Source/ARM/STM32F4xx_OTP.s
      Include file:  Drivers/CMSIS/Device/ST/STM32F4xx/Include/stm32f4xx.h
      Source file:   Drivers/CMSIS/Device/ST/STM32F4xx/Source/Templates/arm/startup_stm32f446xx.s
      Source file:   Drivers/CMSIS/Device/ST/STM32F4xx/Source/Templates/system_stm32f4xx.c
Build Time Elapsed:  00:00:01
</pre>
</body>
</html>
